// Jest Snapshot v1, https://goo.gl/fbAQLP

exports[`SendMessage component should render correctly 1`] = `ShallowWrapper {}`;
