// Jest Snapshot v1, https://goo.gl/fbAQLP

exports[`AddFolder should render correctly 1`] = `ShallowWrapper {}`;
